Archive member included to satisfy reference by file (symbol)

c:/program files (x86)/atmel/studio/7.0/toolchain/arm/arm-gnu-toolchain/bin/../lib/gcc/arm-none-eabi/6.3.1/thumb/v7-m\libgcc.a(_arm_addsubsf3.o)
                              servo.o (__aeabi_fsub)
c:/program files (x86)/atmel/studio/7.0/toolchain/arm/arm-gnu-toolchain/bin/../lib/gcc/arm-none-eabi/6.3.1/thumb/v7-m\libgcc.a(_arm_muldivsf3.o)
                              servo.o (__aeabi_fmul)
c:/program files (x86)/atmel/studio/7.0/toolchain/arm/arm-gnu-toolchain/bin/../lib/gcc/arm-none-eabi/6.3.1/thumb/v7-m\libgcc.a(_arm_fixsfsi.o)
                              servo.o (__aeabi_f2iz)
c:/program files (x86)/atmel/studio/7.0/toolchain/arm/arm-gnu-toolchain/bin/../lib/gcc/arm-none-eabi/6.3.1/../../../../arm-none-eabi/lib/thumb/v7-m\libc.a(lib_a-exit.o)
                              c:/program files (x86)/atmel/studio/7.0/toolchain/arm/arm-gnu-toolchain/bin/../lib/gcc/arm-none-eabi/6.3.1/../../../../arm-none-eabi/lib/thumb/v7-m/crt0.o (exit)
c:/program files (x86)/atmel/studio/7.0/toolchain/arm/arm-gnu-toolchain/bin/../lib/gcc/arm-none-eabi/6.3.1/../../../../arm-none-eabi/lib/thumb/v7-m\libc.a(lib_a-impure.o)
                              c:/program files (x86)/atmel/studio/7.0/toolchain/arm/arm-gnu-toolchain/bin/../lib/gcc/arm-none-eabi/6.3.1/../../../../arm-none-eabi/lib/thumb/v7-m\libc.a(lib_a-exit.o) (_global_impure_ptr)
c:/program files (x86)/atmel/studio/7.0/toolchain/arm/arm-gnu-toolchain/bin/../lib/gcc/arm-none-eabi/6.3.1/../../../../arm-none-eabi/lib/thumb/v7-m\libc.a(lib_a-init.o)
                              c:/program files (x86)/atmel/studio/7.0/toolchain/arm/arm-gnu-toolchain/bin/../lib/gcc/arm-none-eabi/6.3.1/../../../../arm-none-eabi/lib/thumb/v7-m/crt0.o (__libc_init_array)
c:/program files (x86)/atmel/studio/7.0/toolchain/arm/arm-gnu-toolchain/bin/../lib/gcc/arm-none-eabi/6.3.1/../../../../arm-none-eabi/lib/thumb/v7-m\libc.a(lib_a-memset.o)
                              c:/program files (x86)/atmel/studio/7.0/toolchain/arm/arm-gnu-toolchain/bin/../lib/gcc/arm-none-eabi/6.3.1/../../../../arm-none-eabi/lib/thumb/v7-m/crt0.o (memset)
c:/program files (x86)/atmel/studio/7.0/toolchain/arm/arm-gnu-toolchain/bin/../lib/gcc/arm-none-eabi/6.3.1/../../../../arm-none-eabi/lib/thumb/v7-m\libc.a(lib_a-__call_atexit.o)
                              c:/program files (x86)/atmel/studio/7.0/toolchain/arm/arm-gnu-toolchain/bin/../lib/gcc/arm-none-eabi/6.3.1/../../../../arm-none-eabi/lib/thumb/v7-m\libc.a(lib_a-exit.o) (__call_exitprocs)
c:/program files (x86)/atmel/studio/7.0/toolchain/arm/arm-gnu-toolchain/bin/../lib/gcc/arm-none-eabi/6.3.1/../../../../arm-none-eabi/lib/thumb/v7-m\libc.a(lib_a-atexit.o)
                              c:/program files (x86)/atmel/studio/7.0/toolchain/arm/arm-gnu-toolchain/bin/../lib/gcc/arm-none-eabi/6.3.1/../../../../arm-none-eabi/lib/thumb/v7-m\libc.a(lib_a-__call_atexit.o) (atexit)
c:/program files (x86)/atmel/studio/7.0/toolchain/arm/arm-gnu-toolchain/bin/../lib/gcc/arm-none-eabi/6.3.1/../../../../arm-none-eabi/lib/thumb/v7-m\libc.a(lib_a-fini.o)
                              c:/program files (x86)/atmel/studio/7.0/toolchain/arm/arm-gnu-toolchain/bin/../lib/gcc/arm-none-eabi/6.3.1/../../../../arm-none-eabi/lib/thumb/v7-m\libc.a(lib_a-__call_atexit.o) (__libc_fini_array)
c:/program files (x86)/atmel/studio/7.0/toolchain/arm/arm-gnu-toolchain/bin/../lib/gcc/arm-none-eabi/6.3.1/../../../../arm-none-eabi/lib/thumb/v7-m\libc.a(lib_a-lock.o)
                              c:/program files (x86)/atmel/studio/7.0/toolchain/arm/arm-gnu-toolchain/bin/../lib/gcc/arm-none-eabi/6.3.1/../../../../arm-none-eabi/lib/thumb/v7-m\libc.a(lib_a-__call_atexit.o) (__retarget_lock_acquire_recursive)
c:/program files (x86)/atmel/studio/7.0/toolchain/arm/arm-gnu-toolchain/bin/../lib/gcc/arm-none-eabi/6.3.1/../../../../arm-none-eabi/lib/thumb/v7-m\libc.a(lib_a-__atexit.o)
                              c:/program files (x86)/atmel/studio/7.0/toolchain/arm/arm-gnu-toolchain/bin/../lib/gcc/arm-none-eabi/6.3.1/../../../../arm-none-eabi/lib/thumb/v7-m\libc.a(lib_a-atexit.o) (__register_exitproc)

Allocating common symbols
Common symbol       size              file

__lock___atexit_recursive_mutex
                    0x1               c:/program files (x86)/atmel/studio/7.0/toolchain/arm/arm-gnu-toolchain/bin/../lib/gcc/arm-none-eabi/6.3.1/../../../../arm-none-eabi/lib/thumb/v7-m\libc.a(lib_a-lock.o)
__lock___arc4random_mutex
                    0x1               c:/program files (x86)/atmel/studio/7.0/toolchain/arm/arm-gnu-toolchain/bin/../lib/gcc/arm-none-eabi/6.3.1/../../../../arm-none-eabi/lib/thumb/v7-m\libc.a(lib_a-lock.o)
msg                 0xc               joystick.o
__lock___env_recursive_mutex
                    0x1               c:/program files (x86)/atmel/studio/7.0/toolchain/arm/arm-gnu-toolchain/bin/../lib/gcc/arm-none-eabi/6.3.1/../../../../arm-none-eabi/lib/thumb/v7-m\libc.a(lib_a-lock.o)
__lock___sinit_recursive_mutex
[...]
Memory Configuration

Name             Origin             Length             Attributes
rom              0x00080000         0x00080000         xr
ram              0x20000000         0x00018000         xrw
*default*        0x00000000         0xffffffff

Linker script and memory map

LOAD c:/program files (x86)/atmel/studio/7.0/toolchain/arm/arm-gnu-toolchain/bin/../lib/gcc/arm-none-eabi/6.3.1/thumb/v7-m/crti.o
LOAD c:/program files (x86)/atmel/studio/7.0/toolchain/arm/arm-gnu-toolchain/bin/../lib/gcc/arm-none-eabi/6.3.1/thumb/v7-m/crtbegin.o
LOAD c:/program files (x86)/atmel/studio/7.0/toolchain/arm/arm-gnu-toolchain/bin/../lib/gcc/arm-none-eabi/6.3.1/../../../../arm-none-eabi/lib/thumb/v7-m/crt0.o
LOAD can_controller.o
LOAD can_interrupt.o
LOAD Device_Startup/startup_sam3xa.o
LOAD Device_Startup/system_sam3xa.o
LOAD ir.o
LOAD joystick.o
LOAD main.o
LOAD printf-stdarg.o
LOAD servo.o
LOAD uart.o
START GROUP
LOAD c:/program files (x86)/atmel/studio/7.0/toolchain/arm/arm-gnu-toolchain/bin/../lib/gcc/arm-none-eabi/6.3.1/../../../../arm-none-eabi/lib/thumb/v7-m\libm.a
END GROUP
START GROUP
LOAD c:/program files (x86)/atmel/studio/7.0/toolchain/arm/arm-gnu-toolchain/bin/../lib/gcc/arm-none-eabi/6.3.1/thumb/v7-m\libgcc.a
LOAD c:/program files (x86)/atmel/studio/7.0/toolchain/arm/arm-gnu-toolchain/bin/../lib/gcc/arm-none-eabi/6.3.1/../../../../arm-none-eabi/lib/thumb/v7-m\libc.a
END GROUP
LOAD c:/program files (x86)/atmel/studio/7.0/toolchain/arm/arm-gnu-toolchain/bin/../lib/gcc/arm-none-eabi/6.3.1/thumb/v7-m/crtend.o
LOAD c:/program files (x86)/atmel/studio/7.0/toolchain/arm/arm-gnu-toolchain/bin/../lib/gcc/arm-none-eabi/6.3.1/thumb/v7-m/crtn.o
                0x00000400                STACK_SIZE = DEFINED (STACK_SIZE)?STACK_SIZE:0x400
                0x00000200                HEAP_SIZE = DEFINED (HEAP_SIZE)?HEAP_SIZE:0x200

.text           0x00080000      0xd5c
                0x00080000                . = ALIGN (0x4)
                0x00080000                _sfixed = .
 *(.vectors .vectors.*)
 .vectors       0x00080000       0xf4 Device_Startup/startup_sam3xa.o
                0x00080000                exception_table
 *(.text .text.* .gnu.linkonce.t.*)
 .text          0x000800f4       0x6c c:/program files (x86)/atmel/studio/7.0/toolchain/arm/arm-gnu-toolchain/bin/../lib/gcc/arm-none-eabi/6.3.1/thumb/v7-m/crtbegin.o
 .text.can_init
                0x00080160       0xf0 can_controller.o
                0x00080160                can_init
 .text.can_init_def_tx_rx_mb
                0x00080250       0x10 can_controller.o
                0x00080250                can_init_def_tx_rx_mb
 .text.can_receive
                0x00080260       0x84 can_controller.o
                0x00080260                can_receive
 .text.CAN0_Handler
                0x000802e4       0x80 can_controller.o
                0x000802e4                CAN0_Handler
 .text.new_message_received
                0x00080364        0xc can_controller.o
                0x00080364                new_message_received
 .text.get_message
                0x00080370       0x24 can_controller.o
                0x00080370                get_message
 .text.Dummy_Handler
                0x00080394        0x2 Device_Startup/startup_sam3xa.o
                0x00080394                DACC_Handler
                0x00080394                DebugMon_Handler
                0x00080394                DMAC_Handler
                0x00080394                TRNG_Handler
                0x00080394                HardFault_Handler
                0x00080394                TC2_Handler
                0x00080394                SysTick_Handler
                0x00080394                USART3_Handler
                0x00080394                TWI1_Handler
                0x00080394                PendSV_Handler
                0x00080394                NMI_Handler
                0x00080394                TC7_Handler
                0x00080394                ADC_Handler
                0x00080394                SMC_Handler
                0x00080394                USART0_Handler
                0x00080394                RTT_Handler
                0x00080394                EFC1_Handler
                0x00080394                PIOB_Handler
                0x00080394                RTC_Handler
                0x00080394                UsageFault_Handler
                0x00080394                TC6_Handler
                0x00080394                WDT_Handler
                0x00080394                TC4_Handler
                0x00080394                TC1_Handler
                0x00080394                HSMCI_Handler
                0x00080394                TC3_Handler
                0x00080394                Dummy_Handler
                0x00080394                TWI0_Handler
                0x00080394                USART1_Handler
                0x00080394                PIOA_Handler
                0x00080394                SSC_Handler
                0x00080394                EFC0_Handler
                0x00080394                PMC_Handler
                0x00080394                PWM_Handler
                0x00080394                CAN1_Handler
                0x00080394                MemManage_Handler
                0x00080394                SUPC_Handler
                0x00080394                SVC_Handler
                0x00080394                TC8_Handler
                0x00080394                USART2_Handler
                0x00080394                PIOD_Handler
                0x00080394                EMAC_Handler
                0x00080394                PIOC_Handler
                0x00080394                BusFault_Handler
                0x00080394                RSTC_Handler
                0x00080394                TC0_Handler
                0x00080394                TC5_Handler
                0x00080394                UOTGHS_Handler
                0x00080394                SPI0_Handler
 *fill*         0x00080396        0x2 
 .text.Reset_Handler
                0x00080398       0x88 Device_Startup/startup_sam3xa.o
                0x00080398                Reset_Handler
 .text.SystemInit
                0x00080420       0xa4 Device_Startup/system_sam3xa.o
                0x00080420                SystemInit
 .text.adc_init
                0x000804c4       0x34 ir.o
                0x000804c4                adc_init
 .text.adc_read
                0x000804f8        0xc ir.o
                0x000804f8                adc_read
 .text.is_goal  0x00080504       0x24 ir.o
                0x00080504                is_goal
 .text.get_positions
                0x00080528       0x44 joystick.o
                0x00080528                get_positions
 .text.main     0x0008056c       0x5c main.o
                0x0008056c                main
 .text.prints   0x000805c8       0xac printf-stdarg.o
 .text.printi   0x00080674       0xbc printf-stdarg.o
 .text.print    0x00080730      0x160 printf-stdarg.o
 .text.printf   0x00080890       0x24 printf-stdarg.o
                0x00080890                printf
 .text.pwm_init
                0x000808b4       0x5c servo.o
                0x000808b4                pwm_init
 .text.move_to  0x00080910       0x60 servo.o
                0x00080910                move_to
 .text.move_servo
                0x00080970       0x30 servo.o
                0x00080970                move_servo
 .text.configure_uart
                0x000809a0       0x68 uart.o
                0x000809a0                configure_uart
 .text.uart_putchar
                0x00080a08       0x24 uart.o
                0x00080a08                uart_putchar
 .text.UART_Handler
                0x00080a2c       0x68 uart.o
                0x00080a2c                UART_Handler
 .text.__libc_init_array
                0x00080a94       0x50 c:/program files (x86)/atmel/studio/7.0/toolchain/arm/arm-gnu-toolchain/bin/../lib/gcc/arm-none-eabi/6.3.1/../../../../arm-none-eabi/lib/thumb/v7-m\libc.a(lib_a-init.o)
                0x00080a94                __libc_init_array
 .text.startup.register_fini
                0x00080ae4       0x14 c:/program files (x86)/atmel/studio/7.0/toolchain/arm/arm-gnu-toolchain/bin/../lib/gcc/arm-none-eabi/6.3.1/../../../../arm-none-eabi/lib/thumb/v7-m\libc.a(lib_a-__call_atexit.o)
 .text.atexit   0x00080af8        0xc c:/program files (x86)/atmel/studio/7.0/toolchain/arm/arm-gnu-toolchain/bin/../lib/gcc/arm-none-eabi/6.3.1/../../../../arm-none-eabi/lib/thumb/v7-m\libc.a(lib_a-atexit.o)
                0x00080af8                atexit
 .text.__libc_fini_array
                0x00080b04       0x34 c:/program files (x86)/atmel/studio/7.0/toolchain/arm/arm-gnu-toolchain/bin/../lib/gcc/arm-none-eabi/6.3.1/../../../../arm-none-eabi/lib/thumb/v7-m\libc.a(lib_a-fini.o)
                0x00080b04                __libc_fini_array
 .text.__retarget_lock_acquire_recursive
                0x00080b38        0x4 c:/program files (x86)/atmel/studio/7.0/toolchain/arm/arm-gnu-toolchain/bin/../lib/gcc/arm-none-eabi/6.3.1/../../../../arm-none-eabi/lib/thumb/v7-m\libc.a(lib_a-lock.o)
                0x00080b38                __retarget_lock_acquire_recursive
 .text.__retarget_lock_release_recursive
                0x00080b3c        0x4 c:/program files (x86)/atmel/studio/7.0/toolchain/arm/arm-gnu-toolchain/bin/../lib/gcc/arm-none-eabi/6.3.1/../../../../arm-none-eabi/lib/thumb/v7-m\libc.a(lib_a-lock.o)
                0x00080b3c                __retarget_lock_release_recursive
 .text.__register_exitproc
                0x00080b40       0xc4 c:/program files (x86)/atmel/studio/7.0/toolchain/arm/arm-gnu-toolchain/bin/../lib/gcc/arm-none-eabi/6.3.1/../../../../arm-none-eabi/lib/thumb/v7-m\libc.a(lib_a-__atexit.o)
                0x00080b40                __register_exitproc
 *(.glue_7t)
 .glue_7t       0x00080c04        0x0 linker stubs
 *(.glue_7)
 .glue_7        0x00080c04        0x0 linker stubs
 *(.rodata .rodata* .gnu.linkonce.r.*)
 .rodata.str1.4
                0x00080c04       0x80 can_controller.o
 .rodata.str1.4
                0x00080c84        0xc ir.o
 .rodata.str1.4
                0x00080c90        0x7 printf-stdarg.o
 *fill*         0x00080c97        0x1 
 .rodata.str1.4
                0x00080c98       0x7c servo.o
 .rodata.str1.4
                0x00080d14       0x20 uart.o
                                 0x1e (size before relaxing)
 .rodata._global_impure_ptr
                0x00080d34        0x4 c:/program files (x86)/atmel/studio/7.0/toolchain/arm/arm-gnu-toolchain/bin/../lib/gcc/arm-none-eabi/6.3.1/../../../../arm-none-eabi/lib/thumb/v7-m\libc.a(lib_a-impure.o)
                0x00080d34                _global_impure_ptr
 *(.ARM.extab* .gnu.linkonce.armextab.*)
                0x00080d38                . = ALIGN (0x4)
 *(.init)
 .init          0x00080d38        0x4 c:/program files (x86)/atmel/studio/7.0/toolchain/arm/arm-gnu-toolchain/bin/../lib/gcc/arm-none-eabi/6.3.1/thumb/v7-m/crti.o
                0x00080d38                _init
 .init          0x00080d3c        0x8 c:/program files (x86)/atmel/studio/7.0/toolchain/arm/arm-gnu-toolchain/bin/../lib/gcc/arm-none-eabi/6.3.1/thumb/v7-m/crtn.o
                0x00080d44                . = ALIGN (0x4)
                0x00080d44                __preinit_array_start = .
 *(.preinit_array)
                0x00080d44                __preinit_array_end = .
                0x00080d44                . = ALIGN (0x4)
                0x00080d44                __init_array_start = .
 *(SORT(.init_array.*))
 .init_array.00000
                0x00080d44        0x4 c:/program files (x86)/atmel/studio/7.0/toolchain/arm/arm-gnu-toolchain/bin/../lib/gcc/arm-none-eabi/6.3.1/../../../../arm-none-eabi/lib/thumb/v7-m\libc.a(lib_a-__call_atexit.o)
 *(.init_array)
 .init_array    0x00080d48        0x4 c:/program files (x86)/atmel/studio/7.0/toolchain/arm/arm-gnu-toolchain/bin/../lib/gcc/arm-none-eabi/6.3.1/thumb/v7-m/crtbegin.o
                0x00080d4c                __init_array_end = .
                0x00080d4c                . = ALIGN (0x4)
 *crtbegin.o(.ctors)
 *(EXCLUDE_FILE(*crtend.o) .ctors)
 *(SORT(.ctors.*))
 *crtend.o(.ctors)
                0x00080d4c                . = ALIGN (0x4)
 *(.fini)
 .fini          0x00080d4c        0x4 c:/program files (x86)/atmel/studio/7.0/toolchain/arm/arm-gnu-toolchain/bin/../lib/gcc/arm-none-eabi/6.3.1/thumb/v7-m/crti.o
                0x00080d4c                _fini
 .fini          0x00080d50        0x8 c:/program files (x86)/atmel/studio/7.0/toolchain/arm/arm-gnu-toolchain/bin/../lib/gcc/arm-none-eabi/6.3.1/thumb/v7-m/crtn.o
                0x00080d58                . = ALIGN (0x4)
                0x00080d58                __fini_array_start = .
 *(.fini_array)
 .fini_array    0x00080d58        0x4 c:/program files (x86)/atmel/studio/7.0/toolchain/arm/arm-gnu-toolchain/bin/../lib/gcc/arm-none-eabi/6.3.1/thumb/v7-m/crtbegin.o
 *(SORT(.fini_array.*))
                0x00080d5c                __fini_array_end = .
 *crtbegin.o(.dtors)
 *(EXCLUDE_FILE(*crtend.o) .dtors)
 *(SORT(.dtors.*))
 *crtend.o(.dtors)
                0x00080d5c                . = ALIGN (0x4)
                0x00080d5c                _efixed = .
                [!provide]                PROVIDE (__exidx_start, .)

.vfp11_veneer   0x00080d5c        0x0
 .vfp11_veneer  0x00080d5c        0x0 linker stubs

.v4_bx          0x00080d5c        0x0
 .v4_bx         0x00080d5c        0x0 linker stubs

.iplt           0x00080d5c        0x0
 .iplt          0x00080d5c        0x0 c:/program files (x86)/atmel/studio/7.0/toolchain/arm/arm-gnu-toolchain/bin/../lib/gcc/arm-none-eabi/6.3.1/thumb/v7-m/crtbegin.o

.eh_frame       0x00080d5c        0x0
 .eh_frame      0x00080d5c        0x0 c:/program files (x86)/atmel/studio/7.0/toolchain/arm/arm-gnu-toolchain/bin/../lib/gcc/arm-none-eabi/6.3.1/thumb/v7-m/crtbegin.o

.rel.dyn        0x00080d5c        0x0
 .rel.iplt      0x00080d5c        0x0 c:/program files (x86)/atmel/studio/7.0/toolchain/arm/arm-gnu-toolchain/bin/../lib/gcc/arm-none-eabi/6.3.1/thumb/v7-m/crtbegin.o

.jcr            0x00080d5c        0x0
 .jcr           0x00080d5c        0x0 c:/program files (x86)/atmel/studio/7.0/toolchain/arm/arm-gnu-toolchain/bin/../lib/gcc/arm-none-eabi/6.3.1/thumb/v7-m/crtbegin.o

.igot.plt       0x00080d5c        0x0
 .igot.plt      0x00080d5c        0x0 c:/program files (x86)/atmel/studio/7.0/toolchain/arm/arm-gnu-toolchain/bin/../lib/gcc/arm-none-eabi/6.3.1/thumb/v7-m/crtbegin.o

.ARM.exidx
 *(.ARM.exidx* .gnu.linkonce.armexidx.*)
                [!provide]                PROVIDE (__exidx_end, .)
                0x00080d5c                . = ALIGN (0x4)
                0x00080d5c                _etext = .

.relocate       0x20000000      0x434 load address 0x00080d5c
                0x20000000                . = ALIGN (0x4)
                0x20000000                _srelocate = .
 *(.ramfunc .ramfunc.*)
 *(.data .data.*)
 .data          0x20000000        0x4 Device_Startup/system_sam3xa.o
                0x20000000                SystemCoreClock
 *fill*         0x20000004        0x4 
 .data.impure_data
                0x20000008      0x428 c:/program files (x86)/atmel/studio/7.0/toolchain/arm/arm-gnu-toolchain/bin/../lib/gcc/arm-none-eabi/6.3.1/../../../../arm-none-eabi/lib/thumb/v7-m\libc.a(lib_a-impure.o)
 .data.__atexit_recursive_mutex
                0x20000430        0x4 c:/program files (x86)/atmel/studio/7.0/toolchain/arm/arm-gnu-toolchain/bin/../lib/gcc/arm-none-eabi/6.3.1/../../../../arm-none-eabi/lib/thumb/v7-m\libc.a(lib_a-__call_atexit.o)
                0x20000430                __atexit_recursive_mutex
                0x20000434                . = ALIGN (0x4)
                0x20000434                _erelocate = .

.bss            0x20000434       0xa0 load address 0x00081190
                0x20000434                . = ALIGN (0x4)
                0x20000434                _sbss = .
                0x20000434                _szero = .
 *(.bss .bss.*)
 .bss           0x20000434       0x1c c:/program files (x86)/atmel/studio/7.0/toolchain/arm/arm-gnu-toolchain/bin/../lib/gcc/arm-none-eabi/6.3.1/thumb/v7-m/crtbegin.o
 .bss           0x20000450        0x4 can_controller.o
                0x20000450                newMessage
 *(COMMON)
 COMMON         0x20000454        0xc can_controller.o
                0x20000454                message
 COMMON         0x20000460        0xc joystick.o
                0x20000460                msg
 COMMON         0x2000046c       0x42 uart.o
                0x2000046c                rx_buffer
 *fill*         0x200004ae        0x2 
 COMMON         0x200004b0       0x21 c:/program files (x86)/atmel/studio/7.0/toolchain/arm/arm-gnu-toolchain/bin/../lib/gcc/arm-none-eabi/6.3.1/../../../../arm-none-eabi/lib/thumb/v7-m\libc.a(lib_a-lock.o)
                0x200004b0                __lock___atexit_recursive_mutex
                0x200004b4                __lock___arc4random_mutex
                0x200004b8                __lock___env_recursive_mutex
                0x200004bc                __lock___sinit_recursive_mutex
                0x200004c0                __lock___malloc_recursive_mutex
                0x200004c4                __lock___at_quick_exit_mutex
                0x200004c8                __lock___dd_hash_mutex
                0x200004cc                __lock___tz_mutex
                0x200004d0                __lock___sfp_recursive_mutex
                0x200004d4                . = ALIGN (0x4)
 *fill*         0x200004d1        0x3 
                0x200004d4                _ebss = .
                0x200004d4                _ezero = .

.stack          0x200004d4      0x404 load address 0x00081230
                0x200004d8                . = ALIGN (0x8)
 *fill*         0x200004d4        0x4 
                0x200004d8                _sstack = .
                0x200008d8                . = (. + STACK_SIZE)
 *fill*         0x200004d8      0x400 
                0x200008d8                . = ALIGN (0x8)
                0x200008d8                _estack = .

.heap           0x200008d8      0x200 load address 0x00081634
                0x200008d8                . = ALIGN (0x8)
                0x200008d8                _sheap = .
                0x20000ad8                . = (. + HEAP_SIZE)
 *fill*         0x200008d8      0x200 
                0x20000ad8                . = ALIGN (0x8)
                0x20000ad8                _eheap = .
                0x20000ad8                . = ALIGN (0x4)
                0x20000ad8                _end = .
                0x20017fff                _ram_end_ = ((ORIGIN (ram) + LENGTH (ram)) - 0x1)
OUTPUT(G3_ES_Project_Node2.elf elf32-littlearm)

.ARM.attributes
                0x00000000       0x29
 .ARM.attributes
                0x00000000       0x1d c:/program files (x86)/atmel/studio/7.0/toolchain/arm/arm-gnu-toolchain/bin/../lib/gcc/arm-none-eabi/6.3.1/thumb/v7-m/crti.o
 .ARM.attributes
                0x0000001d       0x2d c:/program files (x86)/atmel/studio/7.0/toolchain/arm/arm-gnu-toolchain/bin/../lib/gcc/arm-none-eabi/6.3.1/thumb/v7-m/crtbegin.o
 .ARM.attributes
                0x0000004a       0x33 can_controller.o
 .ARM.attributes
                0x0000007d       0x33 Device_Startup/startup_sam3xa.o
 .ARM.attributes
                0x000000b0       0x33 Device_Startup/system_sam3xa.o
 .ARM.attributes
                0x000000e3       0x33 ir.o
 .ARM.attributes
                0x00000116       0x33 joystick.o
 .ARM.attributes
                0x00000149       0x33 main.o
 .ARM.attributes
                0x0000017c       0x33 printf-stdarg.o
 .ARM.attributes
                0x000001af       0x33 servo.o
 .ARM.attributes
                0x000001e2       0x33 uart.o
 .ARM.attributes
                0x00000215       0x2d c:/program files (x86)/atmel/studio/7.0/toolchain/arm/arm-gnu-toolchain/bin/../lib/gcc/arm-none-eabi/6.3.1/../../../../arm-none-eabi/lib/thumb/v7-m\libc.a(lib_a-impure.o)
 .ARM.attributes
                0x00000242       0x2d c:/program files (x86)/atmel/studio/7.0/toolchain/arm/arm-gnu-toolchain/bin/../lib/gcc/arm-none-eabi/6.3.1/../../../../arm-none-eabi/lib/thumb/v7-m\libc.a(lib_a-init.o)
 .ARM.attributes
                0x0000026f       0x2d c:/program files (x86)/atmel/studio/7.0/toolchain/arm/arm-gnu-toolchain/bin/../lib/gcc/arm-none-eabi/6.3.1/../../../../arm-none-eabi/lib/thumb/v7-m\libc.a(lib_a-__call_atexit.o)
 .ARM.attributes
                0x0000029c       0x2d c:/program files (x86)/atmel/studio/7.0/toolchain/arm/arm-gnu-toolchain/bin/../lib/gcc/arm-none-eabi/6.3.1/../../../../arm-none-eabi/lib/thumb/v7-m\libc.a(lib_a-atexit.o)
 .ARM.attributes
                0x000002c9       0x2d c:/program files (x86)/atmel/studio/7.0/toolchain/arm/arm-gnu-toolchain/bin/../lib/gcc/arm-none-eabi/6.3.1/../../../../arm-none-eabi/lib/thumb/v7-m\libc.a(lib_a-fini.o)
 .ARM.attributes
                0x000002f6       0x2d c:/program files (x86)/atmel/studio/7.0/toolchain/arm/arm-gnu-toolchain/bin/../lib/gcc/arm-none-eabi/6.3.1/../../../../arm-none-eabi/lib/thumb/v7-m\libc.a(lib_a-lock.o)
 .ARM.attributes
                0x00000323       0x2d c:/program files (x86)/atmel/studio/7.0/toolchain/arm/arm-gnu-toolchain/bin/../lib/gcc/arm-none-eabi/6.3.1/../../../../arm-none-eabi/lib/thumb/v7-m\libc.a(lib_a-__atexit.o)
 .ARM.attributes
                0x00000350       0x1d c:/program files (x86)/atmel/studio/7.0/toolchain/arm/arm-gnu-toolchain/bin/../lib/gcc/arm-none-eabi/6.3.1/thumb/v7-m/crtn.o

.comment        0x00000000       0x59
 .comment       0x00000000       0x59 can_controller.o
                                 0x5a (size before relaxing)
 .comment       0x00000059       0x5a Device_Startup/startup_sam3xa.o
 .comment       0x00000059       0x5a Device_Startup/system_sam3xa.o
 .comment       0x00000059       0x5a ir.o
 .comment       0x00000059       0x5a joystick.o
 .comment       0x00000059       0x5a main.o
 .comment       0x00000059       0x5a printf-stdarg.o
 .comment       0x00000059       0x5a servo.o
 .comment       0x00000059       0x5a uart.o

.debug_info     0x00000000     0x6079
 .debug_info    0x00000000      0xf52 can_controller.o
 .debug_info    0x00000f52      0x74e Device_Startup/startup_sam3xa.o
 .debug_info    0x000016a0      0x444 Device_Startup/system_sam3xa.o
 .debug_info    0x00001ae4      0xf2f ir.o
 .debug_info    0x00002a13      0xa38 joystick.o
 .debug_info    0x0000344b      0xb26 main.o
 .debug_info    0x00003f71      0x65f printf-stdarg.o
 .debug_info    0x000045d0      0xe5e servo.o
 .debug_info    0x0000542e      0xc4b uart.o

.debug_abbrev   0x00000000     0x11b9
 .debug_abbrev  0x00000000      0x2de can_controller.o
 .debug_abbrev  0x000002de      0x153 Device_Startup/startup_sam3xa.o
 .debug_abbrev  0x00000431      0x102 Device_Startup/system_sam3xa.o
 .debug_abbrev  0x00000533      0x220 ir.o
 .debug_abbrev  0x00000753      0x1c6 joystick.o
 .debug_abbrev  0x00000919      0x21d main.o
 .debug_abbrev  0x00000b36      0x1e6 printf-stdarg.o
 .debug_abbrev  0x00000d1c      0x262 servo.o
 .debug_abbrev  0x00000f7e      0x23b uart.o

.debug_loc      0x00000000     0x12e5
 .debug_loc     0x00000000      0x3f3 can_controller.o
 .debug_loc     0x000003f3       0x6b Device_Startup/startup_sam3xa.o
 .debug_loc     0x0000045e       0x8e ir.o
 .debug_loc     0x000004ec       0x44 joystick.o
 .debug_loc     0x00000530       0x5d main.o
 .debug_loc     0x0000058d      0xb0a printf-stdarg.o
 .debug_loc     0x00001097      0x180 servo.o
 .debug_loc     0x00001217       0xce uart.o

.debug_aranges  0x00000000      0x1d8
 .debug_aranges
                0x00000000       0x58 can_controller.o
 .debug_aranges
                0x00000058       0x28 Device_Startup/startup_sam3xa.o
 .debug_aranges
                0x00000080       0x30 Device_Startup/system_sam3xa.o
 .debug_aranges
                0x000000b0       0x30 ir.o
 .debug_aranges
                0x000000e0       0x20 joystick.o
 .debug_aranges
                0x00000100       0x20 main.o
 .debug_aranges
                0x00000120       0x48 printf-stdarg.o
 .debug_aranges
                0x00000168       0x38 servo.o
 .debug_aranges
                0x000001a0       0x38 uart.o

.debug_ranges   0x00000000      0x178
 .debug_ranges  0x00000000       0x48 can_controller.o
 .debug_ranges  0x00000048       0x18 Device_Startup/startup_sam3xa.o
 .debug_ranges  0x00000060       0x20 Device_Startup/system_sam3xa.o
 .debug_ranges  0x00000080       0x20 ir.o
 .debug_ranges  0x000000a0       0x10 joystick.o
 .debug_ranges  0x000000b0       0x10 main.o
 .debug_ranges  0x000000c0       0x68 printf-stdarg.o
 .debug_ranges  0x00000128       0x28 servo.o
 .debug_ranges  0x00000150       0x28 uart.o

.debug_macro    0x00000000    0x113a2
 .debug_macro   0x00000000      0x365 can_controller.o
 .debug_macro   0x00000365      0x8b0 can_controller.o
 .debug_macro   0x00000c15       0x22 can_controller.o
 .debug_macro   0x00000c37       0x87 can_controller.o
 .debug_macro   0x00000cbe       0x51 can_controller.o
 .debug_macro   0x00000d0f       0xef can_controller.o
 .debug_macro   0x00000dfe       0x6a can_controller.o
 .debug_macro   0x00000e68      0x1df can_controller.o
 .debug_macro   0x00001047       0x26 can_controller.o
 .debug_macro   0x0000106d       0x28 can_controller.o
 .debug_macro   0x00001095       0x93 can_controller.o
 .debug_macro   0x00001128      0xe18 can_controller.o
 .debug_macro   0x00001f40      0xa7d can_controller.o
 .debug_macro   0x000029bd      0x55a can_controller.o
 .debug_macro   0x00002f17      0x1a8 can_controller.o
 .debug_macro   0x000030bf      0x30b can_controller.o
 .debug_macro   0x000033ca      0x709 can_controller.o
 .debug_macro   0x00003ad3       0xd6 can_controller.o
 .debug_macro   0x00003ba9      0x56c can_controller.o
 .debug_macro   0x00004115       0x1c can_controller.o
 .debug_macro   0x00004131      0x678 can_controller.o
 .debug_macro   0x000047a9      0x51e can_controller.o
 .debug_macro   0x00004cc7       0xbe can_controller.o
 .debug_macro   0x00004d85     0x2333 can_controller.o
 .debug_macro   0x000070b8      0x7d1 can_controller.o
 .debug_macro   0x00007889      0xdbb can_controller.o
 .debug_macro   0x00008644       0x9a can_controller.o
 .debug_macro   0x000086de      0x29c can_controller.o
 .debug_macro   0x0000897a       0x58 can_controller.o
 .debug_macro   0x000089d2      0x999 can_controller.o
 .debug_macro   0x0000936b      0x22d can_controller.o
 .debug_macro   0x00009598      0x4b4 can_controller.o
 .debug_macro   0x00009a4c      0x64a can_controller.o
 .debug_macro   0x0000a096      0x590 can_controller.o
 .debug_macro   0x0000a626       0x46 can_controller.o
 .debug_macro   0x0000a66c      0x33f can_controller.o
 .debug_macro   0x0000a9ab      0x27e can_controller.o
 .debug_macro   0x0000ac29     0x14dc can_controller.o
 .debug_macro   0x0000c105      0x7cf can_controller.o
 .debug_macro   0x0000c8d4       0x76 can_controller.o
 .debug_macro   0x0000c94a       0x82 can_controller.o
 .debug_macro   0x0000c9cc       0x76 can_controller.o
 .debug_macro   0x0000ca42       0x4c can_controller.o
 .debug_macro   0x0000ca8e      0x100 can_controller.o
 .debug_macro   0x0000cb8e      0x100 can_controller.o
 .debug_macro   0x0000cc8e      0x100 can_controller.o
 .debug_macro   0x0000cd8e       0x88 can_controller.o
 .debug_macro   0x0000ce16       0x88 can_controller.o
 .debug_macro   0x0000ce9e      0x3b4 can_controller.o
 .debug_macro   0x0000d252       0xbe can_controller.o
 .debug_macro   0x0000d310       0xbe can_controller.o
 .debug_macro   0x0000d3ce       0xbe can_controller.o
 .debug_macro   0x0000d48c       0xbe can_controller.o
 .debug_macro   0x0000d54a      0x2b8 can_controller.o
 .debug_macro   0x0000d802      0x118 can_controller.o
 .debug_macro   0x0000d91a      0x216 can_controller.o
 .debug_macro   0x0000db30      0x216 can_controller.o
 .debug_macro   0x0000dd46       0x2e can_controller.o
 .debug_macro   0x0000dd74       0xac can_controller.o
 .debug_macro   0x0000de20      0x13e can_controller.o
 .debug_macro   0x0000df5e       0x7c can_controller.o
 .debug_macro   0x0000dfda      0x1f6 can_controller.o
 .debug_macro   0x0000e1d0       0x64 can_controller.o
 .debug_macro   0x0000e234       0xa6 can_controller.o
 .debug_macro   0x0000e2da       0x7c can_controller.o
 .debug_macro   0x0000e356       0x16 can_controller.o
 .debug_macro   0x0000e36c       0x22 can_controller.o
 .debug_macro   0x0000e38e       0x22 can_controller.o
 .debug_macro   0x0000e3b0      0x10c can_controller.o
 .debug_macro   0x0000e4bc      0x10c can_controller.o
 .debug_macro   0x0000e5c8      0x10c can_controller.o
 .debug_macro   0x0000e6d4      0x10c can_controller.o
 .debug_macro   0x0000e7e0       0x1c can_controller.o
 .debug_macro   0x0000e7fc       0x2e can_controller.o
 .debug_macro   0x0000e82a       0x22 can_controller.o
 .debug_macro   0x0000e84c       0x1c can_controller.o
 .debug_macro   0x0000e868       0x58 can_controller.o
 .debug_macro   0x0000e8c0       0x10 can_controller.o
 .debug_macro   0x0000e8d0      0x27a can_controller.o
 .debug_macro   0x0000eb4a      0xd34 can_controller.o
 .debug_macro   0x0000f87e      0x170 can_controller.o
 .debug_macro   0x0000f9ee      0x351 Device_Startup/startup_sam3xa.o
 .debug_macro   0x0000fd3f      0x363 Device_Startup/system_sam3xa.o
 .debug_macro   0x000100a2      0x4a5 ir.o
 .debug_macro   0x00010547      0x1b5 joystick.o
 .debug_macro   0x000106fc      0x4cd main.o
 .debug_macro   0x00010bc9       0x8e printf-stdarg.o
 .debug_macro   0x00010c57       0x58 printf-stdarg.o
 .debug_macro   0x00010caf      0x38f servo.o
 .debug_macro   0x0001103e      0x354 uart.o
 .debug_macro   0x00011392       0x10 uart.o

.debug_line     0x00000000     0x3c9a
 .debug_line    0x00000000      0x834 can_controller.o
 .debug_line    0x00000834      0x6fe Device_Startup/startup_sam3xa.o
 .debug_line    0x00000f32      0x774 Device_Startup/system_sam3xa.o
 .debug_line    0x000016a6      0x815 ir.o
 .debug_line    0x00001ebb      0x36d joystick.o
 .debug_line    0x00002228      0x82f main.o
 .debug_line    0x00002a57      0x3bd printf-stdarg.o
 .debug_line    0x00002e14      0x741 servo.o
 .debug_line    0x00003555      0x745 uart.o

.debug_str      0x00000000    0x544fe
 .debug_str     0x00000000    0x4f6f2 can_controller.o
                              0x4f8fa (size before relaxing)
 .debug_str     0x0004f6f2      0x506 Device_Startup/startup_sam3xa.o
                              0x4f636 (size before relaxing)
 .debug_str     0x0004fbf8      0x195 Device_Startup/system_sam3xa.o
                              0x4f3c9 (size before relaxing)
 .debug_str     0x0004fd8d     0x419e ir.o
                              0x534af (size before relaxing)
 .debug_str     0x00053f2b       0x1e joystick.o
                               0x75de (size before relaxing)
 .debug_str     0x00053f49       0x8b main.o
                              0x53307 (size before relaxing)
 .debug_str     0x00053fd4      0x19b printf-stdarg.o
                               0x3657 (size before relaxing)
 .debug_str     0x0005416f      0x28c servo.o
                              0x4f721 (size before relaxing)
 .debug_str     0x000543fb      0x103 uart.o
                              0x4f813 (size before relaxing)

.debug_frame    0x00000000      0x5a4
 .debug_frame   0x00000000       0xe0 can_controller.o
 .debug_frame   0x000000e0       0x38 Device_Startup/startup_sam3xa.o
 .debug_frame   0x00000118       0x40 Device_Startup/system_sam3xa.o
 .debug_frame   0x00000158       0x48 ir.o
 .debug_frame   0x000001a0       0x34 joystick.o
 .debug_frame   0x000001d4       0x30 main.o
 .debug_frame   0x00000204      0x118 printf-stdarg.o
 .debug_frame   0x0000031c       0x70 servo.o
 .debug_frame   0x0000038c       0x58 uart.o
 .debug_frame   0x000003e4       0x2c c:/program files (x86)/atmel/studio/7.0/toolchain/arm/arm-gnu-toolchain/bin/../lib/gcc/arm-none-eabi/6.3.1/../../../../arm-none-eabi/lib/thumb/v7-m\libc.a(lib_a-init.o)
 .debug_frame   0x00000410       0x5c c:/program files (x86)/atmel/studio/7.0/toolchain/arm/arm-gnu-toolchain/bin/../lib/gcc/arm-none-eabi/6.3.1/../../../../arm-none-eabi/lib/thumb/v7-m\libc.a(lib_a-__call_atexit.o)
 .debug_frame   0x0000046c       0x20 c:/program files (x86)/atmel/studio/7.0/toolchain/arm/arm-gnu-toolchain/bin/../lib/gcc/arm-none-eabi/6.3.1/../../../../arm-none-eabi/lib/thumb/v7-m\libc.a(lib_a-atexit.o)
 .debug_frame   0x0000048c       0x34 c:/program files (x86)/atmel/studio/7.0/toolchain/arm/arm-gnu-toolchain/bin/../lib/gcc/arm-none-eabi/6.3.1/../../../../arm-none-eabi/lib/thumb/v7-m\libc.a(lib_a-fini.o)
 .debug_frame   0x000004c0       0xb0 c:/program files (x86)/atmel/studio/7.0/toolchain/arm/arm-gnu-toolchain/bin/../lib/gcc/arm-none-eabi/6.3.1/../../../../arm-none-eabi/lib/thumb/v7-m\libc.a(lib_a-lock.o)
 .debug_frame   0x00000570       0x34 c:/program files (x86)/atmel/studio/7.0/toolchain/arm/arm-gnu-toolchain/bin/../lib/gcc/arm-none-eabi/6.3.1/../../../../arm-none-eabi/lib/thumb/v7-m\libc.a(lib_a-__atexit.o)
